I'm sorry, but errors were detected in your script. Please correct the
errors listed below, and try again.


File "game/script.rpy", line 41: expected statement.
    vpunch
          ^

File "game/script.rpy", line 42: expected statement.
    hpunch
          ^

Ren'Py Version: Ren'Py 7.3.5.606
Sun Aug 30 20:46:47 2020
